

foo:
    bar: 42
    wibble: 22

bar: 42

baz: 42

qux: 22

