
a:
 - 1
 - 2
 - 3
 - 4

b:
 - 1
 - 2
 - 3
 - 4

c:
 - 1
 - 2
 - 3
 - 4

