
foo:
  - a
  - b
  - c
  - 1
  - 2
  - 3
  - x
  - y
  - z

bar:
  - a
  - b
  - c
  - 1
  - 2
  - 3
  - x
  - y
  - z


