
parts:
  part1:
    name: b
    wibble: []
  part2:
    name: a
    wibble:
      - fox
  part3:
    name: a
    wibble: []

res:
  - part3

