upper: 3

foo:
 - 0
 - 1
 - 2

bar:
 - 1
 - 2
 - 3

