
parts:
  part1:
    name: hello
  part2:
    name: hello2

res1:
  - part1
  - part2

res2: []


