nodes:
  - name: foo
  - name: baz
  - name: bar

foo: foo

test:
  - name: foo

