
lookup: a

in:
  - name: a
    action: fight
  - name: b
    action: flee
  - name: c
    action: nap

out:
  name: a
  action: fight

