foo:
    - foo0bar
    - foo1bar
    - foo2bar
    - foo3bar
    - foo4bar

