name: foo

resources:
    - SomeItem:
        name: foo
    - SomeOtherItem:
        name: foo

