names:
 - foo
 - foobar

resources:
    - SomeItem:
        name: foo
    - SomeOtherItem:
        name: foo
    - SomeItem:
        name: foobar
    - SomeOtherItem:
        name: foobar

