teststring: foo bar baz
replacedstring: foo-bar-baz
